  Файл: /home/user1
  Размер: 4096      	Блоков: 8          Блок В/В: 4096   каталог
Устройство: 8/4	Инода: 409061      Ссылки: 2
Доступ: (0700/drwx------)  Uid: ( 1234/   user1)   Gid: ( 1234/   user1)
Контекст: unconfined_u:object_r:user_home_dir_t:s0
Доступ:        2026-10-08 15:17:42.856461779 +0700
Модифицирован: 2026-10-08 12:01:48.943400025 +0700
Изменён:       2026-10-08 12:01:48.943400025 +0700
Создан:        2026-10-08 14:53:08.907835219 +0700
  Файл: /home/user1/mycat
  Размер: 36568     	Блоков: 72         Блок В/В: 4096   обычный файл
Устройство: 8/4	Инода: 409067      Ссылки: 1
Доступ: (4755/-rwsr-xr-x)  Uid: (    0/    root)   Gid: (    0/    root)
Контекст: unconfined_u:object_r:user_home_t:s0
Доступ:        2026-10-08 15:17:51.764482503 +0700
Модифицирован: 2026-10-08 15:14:24.277846259 +0700
Изменён:       2026-10-08 15:16:46.420330475 +0700
Создан:        2026-10-08 15:14:24.277846259 +0700
  Файл: /home/user1/mychown
  Размер: 65840     	Блоков: 144        Блок В/В: 4096   обычный файл
Устройство: 8/4	Инода: 409068      Ссылки: 1
Доступ: (0755/-rwxr-xr-x)  Uid: (    0/    root)   Gid: (    0/    root)
Контекст: unconfined_u:object_r:user_home_t:s0
Доступ:        2026-10-08 15:27:24.026087875 +0700
Модифицирован: 2026-10-08 15:25:27.312698154 +0700
Изменён:       2026-10-08 15:25:27.660699315 +0700
Создан:        2026-10-08 15:25:27.312698154 +0700
