   285284     20 -rwsr-xr-x   1 root     root        19816 сен  8  2025 /usr/lib/polkit-1/polkit-agent-helper-1
   394751      4 -rwsr-xr-x   1 root     root          100 окт  2  2025 /usr/share/loginfo/init_form_caller.py
  1485200     28 -rwsr-xr-x   1 root     root        28144 окт 27  2025 /usr/sbin/unix_chkpwd
  1535221    100 -rwsr-xr-x   1 root     root        99088 мая 25 17:28 /usr/sbin/mount.nfs
  1457142     16 -rwsr-xr-x   1 root     root        15672 июл 31 20:24 /usr/sbin/grub2-set-bootflag
  1488890     48 -rws--x--x   1 root     root        45088 дек 28  2022 /usr/sbin/userhelper
  1485198     16 -rwsr-xr-x   1 root     root        15648 окт 27  2025 /usr/sbin/pam_timestamp_check
  1485404     56 -rwsr-xr-x   1 root     root        57184 окт 31  2025 /usr/bin/su
  1449213     80 -rwsr-xr-x   1 root     root        78472 дек 28  2023 /usr/bin/gpasswd
  1468562      4 -rwsr-xr-x   1 root     root          386 окт 20  2025 /usr/bin/join-to-domain.sh
  1488190     60 -rwsr-xr-x   1 root     root        57696 мар 17  2023 /usr/bin/crontab
  1536133    220 ---s--x--x   1 root     root       223416 мая 14 17:27 /usr/bin/sudo
  1449212     76 -rwsr-xr-x   1 root     root        74616 дек 28  2023 /usr/bin/chage
  1497193     60 -rwsr-xr-x   1 root     root        57848 дек 28  2022 /usr/bin/at
  1488815     32 -rwsr-xr-x   1 root     root        32568 ноя 13  2023 /usr/bin/passwd
  1495489     28 -rws--x--x   1 root     root        28184 окт 31  2025 /usr/bin/chfn
  1448448      4 -rwsr-xr-x   1 root     root           69 окт  3  2025 /usr/bin/loginfo-gui
  1535344     36 -rwsr-xr-x   1 root     root        36776 дек  1  2023 /usr/bin/fusermount-glusterfs
  1448447      4 -rwsr-xr-x   1 root     root          311 дек 15  2025 /usr/bin/loginfo.sh
  1451687     48 -rwsr-xr-x   1 root     root        48736 окт 31  2025 /usr/bin/mount
  1486649     32 -rwsr-xr-x   1 root     root        32168 сен  8  2025 /usr/bin/pkexec
  1451693     36 -rwsr-xr-x   1 root     root        36368 окт 31  2025 /usr/bin/umount
  1480505     36 -rwsr-xr-x   1 root     root        36448 сен 15  2025 /usr/bin/fusermount3
  1495490     24 -rws--x--x   1 root     root        24024 окт 31  2025 /usr/bin/chsh
  1497679     56 -rwsr-xr-x   1 root     root        57120 сен 26  2025 /usr/bin/ksu
  1449216     40 -rwsr-xr-x   1 root     root        38184 дек 28  2023 /usr/bin/newgrp
  1535616     16 -rws--x--x   1 root     root        15880 ноя 26  2025 /usr/libexec/xf86-video-intel-backlight-helper
  1469921     16 -rwsr-xr-x   1 root     root        15088 авг 28 21:32 /usr/libexec/Xorg.wrap
     7084     48 -rwsr-xr-x   1 root     root        47512 авг  9  2023 /usr/libexec/spice-gtk-x86_64/spice-client-glib-usb-acl-helper
  1456502     36 -rwsr-x---   1 root     dbus        36328 сен 14  2025 /usr/libexec/dbus-1/dbus-daemon-launch-helper
